../Src/Library/BMP280.c:3:13:BMP280_WriteRegister	16	static
../Src/Library/BMP280.c:10:16:BMP280_ReadRegister	24	static
../Src/Library/BMP280.c:19:13:BMP280_ReadRegisters	16	static
../Src/Library/BMP280.c:26:6:BMP280_Init	16	static
../Src/Library/BMP280.c:36:6:BMP280_Reset	8	static
../Src/Library/BMP280.c:40:9:BMP280_ReadID	8	static
../Src/Library/BMP280.c:44:6:BMP280_ReadCalibrationData	40	static
../Src/Library/BMP280.c:62:6:BMP280_SetConfig	16	static
../Src/Library/BMP280.c:67:6:BMP280_ReadRawData	24	static
../Src/Library/BMP280.c:75:7:BMP280_CalculateTemperature	32	static
../Src/Library/BMP280.c:84:7:BMP280_CalculatePressure	16	static
